// Jest Snapshot v1, https://goo.gl/fbAQLP

exports[`UserList.vue expect to match with a snapshot when passed 1`] = `"Refresh"`;
